// Jest Snapshot v1, https://goo.gl/fbAQLP

exports[`renders learn react link 1`] = `
<DocumentFragment>
  <button
    class="hej"
  >
    learn react
  </button>
</DocumentFragment>
`;
